Error: ffmpeg exited with code 3752568763: frame=    0 fps=0.0 q=0.0 Lsize=       0kB time=N/A bitrate=N/A speed=N/A    
Conversion failed!

Stdout:

Stderr:
ffmpeg version 6.1.1-essentials_build-www.gyan.dev Copyright (c) 2000-2023 the FFmpeg developers
  built with gcc 12.2.0 (Rev10, Built by MSYS2 project)
  configuration: --enable-gpl --enable-version3 --enable-static --pkg-config=pkgconf --disable-w32threads --disable-autodetect --enable-fontconfig --enable-iconv --enable-gnutls --enable-libxml2 --enable-gmp --enable-bzlib --enable-lzma --enable-zlib --enable-libsrt --enable-libssh --enable-libzmq --enable-avisynth --enable-sdl2 --enable-libwebp --enable-libx264 --enable-libx265 --enable-libxvid --enable-libaom --enable-libopenjpeg --enable-libvpx --enable-mediafoundation --enable-libass --enable-libfreetype --enable-libfribidi --enable-libharfbuzz --enable-libvidstab --enable-libvmaf --enable-libzimg --enable-amf --enable-cuda-llvm --enable-cuvid --enable-ffnvcodec --enable-nvdec --enable-nvenc --enable-dxva2 --enable-d3d11va --enable-libvpl --enable-libgme --enable-libopenmpt --enable-libopencore-amrwb --enable-libmp3lame --enable-libtheora --enable-libvo-amrwbenc --enable-libgsm --enable-libopencore-amrnb --enable-libopus --enable-libspeex --enable-libvorbis --enable-librubberband
  libavutil      58. 29.100 / 58. 29.100
  libavcodec     60. 31.102 / 60. 31.102
  libavformat    60. 16.100 / 60. 16.100
  libavdevice    60.  3.100 / 60.  3.100
  libavfilter     9. 12.100 /  9. 12.100
  libswscale      7.  5.100 /  7.  5.100
  libswresample   4. 12.100 /  4. 12.100
  libpostproc    57.  3.100 / 57.  3.100
Input #0, image2, from 'E:/DESKTOP/Video editor/Video-Editor/temp_render/render_1783847934754/frame_%05d.jpg':
  Duration: 00:00:08.92, start: 0.000000, bitrate: N/A
  Stream #0:0: Video: mjpeg (Baseline), yuvj420p(pc, bt470bg/unknown/unknown), 1080x585 [SAR 1:1 DAR 24:13], 25 fps, 25 tbr, 25 tbn
[aist#1:0/pcm_s16le @ 00000203b01b0580] Guessed Channel Layout: stereo
Input #1, wav, from 'E:/DESKTOP/Video editor/Video-Editor/temp_render/render_1783847934754/audio.wav':
  Duration: 00:00:07.44, bitrate: 1536 kb/s
  Stream #1:0: Audio: pcm_s16le ([1][0][0][0] / 0x0001), 48000 Hz, 2 channels, s16, 1536 kb/s
Stream mapping:
  Stream #0:0 -> #0:0 (mjpeg (native) -> h264 (libx264))
  Stream #1:0 -> #0:1 (pcm_s16le (native) -> aac (native))
Press [q] to stop, [?] for help
[in#0/image2 @ 00000203afeee880] Thread message queue blocking; consider raising the thread_queue_size option (current value: 8)
[swscaler @ 00000203b05b0000] deprecated pixel format used, make sure you did set range correctly
    Last message repeated 3 times
[libx264 @ 00000203b046c640] height not divisible by 2 (1080x585)
[vost#0:0/libx264 @ 00000203b044a0c0] Error while opening encoder - maybe incorrect parameters such as bit_rate, rate, width or height.
Error while filtering: Generic error in an external library
[out#0/mp4 @ 00000203b04496c0] Nothing was written into output file, because at least one of its streams received no packets.
frame=    0 fps=0.0 q=0.0 Lsize=       0kB time=N/A bitrate=N/A speed=N/A    
Conversion failed!
